test!test!test!
test!
test!
writing to nvimSocket: [0,2,"nvim_buf_set_lines",[0,0,-1,false,["type Nested = {","  a: {","    b: {","      c: \"test\";","    };","  };","};","","const val: Nested = {","  a: {","    b: {","      c: \"test\",","    },","  },","};","","console.log(val.a.b.c);",""]]]
writing to nvimSocket: [0,3,"nvim_buf_set_lines",[0,0,-1,false,["/*","import * as Anthropic from \"@anthropic-ai/sdk\";","import * as GetFile from \"./getFile.ts\";","import * as Insert from \"./insert.ts\";","import * as Replace from \"./replace.ts\";","import * as ListBuffers from \"./listBuffers.ts\";","import * as ListDirectory from \"./listDirectory.ts\";","import * as Hover from \"./hover.ts\";","import * as FindReferences from \"./findReferences.ts\";","import { assertUnreachable } from \"../utils/assertUnreachable.ts\";","import { extendError, type Result } from \"../utils/result.ts\";","import { d, withBindings } from \"../tea/view.ts\";","import { type Dispatch, type Update } from \"../tea/tea.ts\";","import type { Nvim } from \"bunvim\";","import type { Lsp } from \"../lsp.ts\";","","export type ToolRequest =","  | GetFile.GetFileToolUseRequest","  | Insert.InsertToolUseRequest","  | Replace.ReplaceToolRequest","  | ListBuffers.ListBuffersToolRequest","  | ListDirectory.ListDirectoryToolUseRequest","  | Hover.HoverToolUseRequest","  | FindReferences.ReferencesToolUseRequest;","","export type ToolModel =","  | GetFile.Model","  | Insert.Model","  | Replace.Model","  | ListBuffers.Model","  | ListDirectory.Model","  | Hover.Model","  | FindReferences.Model;","","export type ToolRequestId = string & { __toolRequestId: true };","","export const TOOL_SPECS = [","  GetFile.spec,","  Insert.spec,","  Replace.spec,","  ListBuffers.spec,","  ListDirectory.spec,","  Hover.spec,","  FindReferences.spec,","];","","export type ToolModelWrapper = {","  model: ToolModel;","  showRequest: boolean;","  showResult: boolean;","};","","export type Model = {","  toolWrappers: {","    [id: ToolRequestId]: ToolModelWrapper;","  };","};","","export type Msg =","  | {","      type: \"init-tool-use\";","      request: ToolRequest;","    }","  | {","      type: \"toggle-display\";","      id: ToolRequestId;","      showRequest: boolean;","      showResult: boolean;","    }","  | {","      type: \"tool-msg\";","      id: ToolRequestId;","      msg:","        | {","            type: \"get_file\";","            msg: GetFile.Msg;","          }","        | {","            type: \"list_buffers\";","            msg: ListBuffers.Msg;","          }","        | {","            type: \"list_directory\";","            msg: ListDirectory.Msg;","          }","        | {","            type: \"insert\";","            msg: Insert.Msg;","          }","        | {","            type: \"replace\";","            msg: Replace.Msg;","          }","        | {","            type: \"hover\";","            msg: Hover.Msg;","          }","        | {","            type: \"find_references\";","            msg: FindReferences.Msg;","          };","    };","","export function init({ nvim, lsp }: { nvim: Nvim; lsp: Lsp }) {","  function validateToolRequest(","    req: unknown,","  ): Result<ToolRequest, { rawRequest: unknown }> {","    const type = (req as { [key: string]: unknown } | undefined)?.[\"name\"];","    switch (type) {","      case \"get_file\":","        return extendError(GetFile.validateToolRequest(req), {","          rawRequest: req,","        });","      case \"insert\":","        return extendError(Insert.validateToolRequest(req), {","          rawRequest: req,","        });","      case \"replace\":","        return extendError(Replace.validateToolRequest(req), {","          rawRequest: req,","        });","      case \"list_buffers\":","        return extendError(ListBuffers.validateToolRequest(req), {","          rawRequest: req,","        });","      case \"list_directory\":","        return extendError(ListDirectory.validateToolRequest(req), {","          rawRequest: req,","        });","      case \"hover\":","        return extendError(Hover.validateToolRequest(req), {","          rawRequest: req,","        });","      case \"find_references\":","        return extendError(FindReferences.validateToolRequest(req), {","          rawRequest: req,","        });","      default:","        return {","          status: \"error\",","          error: `Unexpected request type ${type as string}`,","          rawRequest: req,","        };","    }","  }","","  function getToolResult(","    model: ToolModel,","  ): Anthropic.Anthropic.ToolResultBlockParam {","    switch (model.type) {","      case \"get_file\":","        return GetFile.getToolResult(model);","      case \"insert\":","        return Insert.getToolResult(model);","      case \"replace\":","        return Replace.getToolResult(model);","      case \"list_buffers\":","        return ListBuffers.getToolResult(model);","      case \"list_directory\":","        return ListDirectory.getToolResult(model);","      case \"hover\":","        return Hover.getToolResult(model);","      case \"find_references\":","        return FindReferences.getToolResult(model);","      default:","        return assertUnreachable(model);","    }","  }","","  function displayRequest(model: ToolModel): string {","    switch (model.type) {","      case \"get_file\":","        return GetFile.displayRequest(model.request);","      case \"insert\":","        return Insert.displayRequest(model.request);","      case \"replace\":","        return Replace.displayRequest(model.request);","      case \"list_buffers\":","        return ListBuffers.displayRequest(model.request);","      case \"list_directory\":","        return ListDirectory.displayRequest(model.request);","      case \"hover\":","        return Hover.displayRequest(model.request);","      case \"find_references\":","        return FindReferences.displayRequest(model.request);","      default:","        return assertUnreachable(model);","    }","  }","","  function displayResult(model: ToolModel) {","    if (model.state.state == \"done\") {","      const result = model.state.result;","      if (result.is_error) {","        return `\\nError: ${result.content as string}`;","      } else {","        return `\\nResult:","\\`\\`\\`","${result.content as string}","\\`\\`\\``;","      }","    } else {","      return \"\";","    }","  }","","  function renderTool(","    model: Model[\"toolWrappers\"][ToolRequestId],","    dispatch: Dispatch<Msg>,","  ) {","    return withBindings(","      d`${renderToolContents(model.model, dispatch)}${","        model.showRequest ? d`\\n${displayRequest(model.model)}` : \"\"","      }${model.showResult ? displayResult(model.model) : \"\"}`,","      {","        \"<CR>\": () =>","          dispatch({","            type: \"toggle-display\",","            id: model.model.request.id,","            showRequest: !model.showRequest,","            showResult: !model.showResult,","          }),","      },","    );","  }","","  function renderToolContents(model: ToolModel, dispatch: Dispatch<Msg>) {","    switch (model.type) {","      case \"get_file\":","        return GetFile.view({ model });","","      case \"list_buffers\":","        return ListBuffers.view({ model });","","      case \"list_directory\":","        return ListDirectory.view({ model });","","      case \"insert\":","        return Insert.view({","          model,","          dispatch: (msg) =>","            dispatch({","              type: \"tool-msg\",","              id: model.request.id,","              msg: { type: \"insert\", msg },","            }),","        });","","      case \"replace\":","        return Replace.view({","          model,","          dispatch: (msg) =>","            dispatch({","              type: \"tool-msg\",","              id: model.request.id,","              msg: { type: \"replace\", msg },","            }),","        });","","      case \"hover\":","        return Hover.view({","          model,","        });","","      case \"find_references\":","        return FindReferences.view({","          model,","        });","","      default:","        assertUnreachable(model);","    }","  }","","  function initModel(): Model {","    return {","      toolWrappers: {},","    };","  }","","  const update: Update<Msg, Model> = (msg, model) => {","    switch (msg.type) {","      case \"toggle-display\": {","        const toolWrapper = model.toolWrappers[msg.id];","        if (!toolWrapper) {","          throw new Error(`Could not find tool use with request id ${msg.id}`);","        }","","        toolWrapper.showRequest = msg.showRequest;","        toolWrapper.showResult = msg.showResult;","","        return [model];","      }","","      case \"init-tool-use\": {","        const request = msg.request;","","        switch (request.name) {","          case \"get_file\": {","            const [getFileModel, thunk] = GetFile.initModel(request, { nvim });","            model.toolWrappers[request.id] = {","              model: getFileModel,","              showRequest: false,","              showResult: false,","            };","            return [","              model,","              (dispatch) =>","                thunk((msg) =>","                  dispatch({","                    type: \"tool-msg\",","                    id: request.id,","                    msg: {","                      type: \"get_file\",","                      msg,","                    },","                  }),","                ),","            ];","          }","","          case \"list_buffers\": {","            const [listBuffersModel, thunk] = ListBuffers.initModel(request, {","              nvim,","            });","            model.toolWrappers[request.id] = {","              model: listBuffersModel,","              showRequest: false,","              showResult: false,","            };","            return [","              model,","              (dispatch) =>","                thunk((msg) =>","                  dispatch({","                    type: \"tool-msg\",","                    id: request.id,","                    msg: {","                      type: \"list_buffers\",","                      msg,","                    },","                  }),","                ),","            ];","          }","","          case \"insert\": {","            const [insertModel] = Insert.initModel(request);","            model.toolWrappers[request.id] = {","              model: insertModel,","              showRequest: false,","              showResult: false,","            };","            return [model];","          }","","          case \"replace\": {","            const [replaceModel] = Replace.initModel(request);","            model.toolWrappers[request.id] = {","              model: replaceModel,","              showRequest: false,","              showResult: false,","            };","            return [model];","          }","","          case \"list_directory\": {","            const [listDirModel, thunk] = ListDirectory.initModel(request, {","              nvim,","            });","            model.toolWrappers[request.id] = {","              model: listDirModel,","              showRequest: false,","              showResult: false,","            };","            return [","              model,","              (dispatch) =>","                thunk((msg) =>","                  dispatch({","                    type: \"tool-msg\",","                    id: request.id,","                    msg: {","                      type: \"list_directory\",","                      msg,","                    },","                  }),","                ),","            ];","          }","","          case \"hover\": {","            const [hoverModel, thunk] = Hover.initModel(request, { nvim, lsp });","            model.toolWrappers[request.id] = {","              model: hoverModel,","              showRequest: false,","              showResult: false,","            };","            return [","              model,","              (dispatch) =>","                thunk((msg) =>","                  dispatch({","                    type: \"tool-msg\",","                    id: request.id,","                    msg: {","                      type: \"hover\",","                      msg,","                    },","                  }),","                ),","            ];","          }","","          case \"find_references\": {","            const [findReferencesModel, thunk] = FindReferences.initModel(","              request,","              { nvim, lsp },","            );","            model.toolWrappers[request.id] = {","              model: findReferencesModel,","              showRequest: false,","              showResult: false,","            };","            return [","              model,","              (dispatch) =>","                thunk((msg) =>","                  dispatch({","                    type: \"tool-msg\",","                    id: request.id,","                    msg: {","                      type: \"find_references\",","                      msg,","                    },","                  }),","                ),","            ];","          }","","          default:","            return assertUnreachable(request);","        }","      }","","      case \"tool-msg\": {","        const toolWrapper = model.toolWrappers[msg.id];","        if (!toolWrapper) {","          throw new Error(`Expected to find tool with id ${msg.id}`);","        }","","        switch (msg.msg.type) {","          case \"get_file\": {","            const [nextToolModel, thunk] = GetFile.update(","              msg.msg.msg,","              toolWrapper.model as GetFile.Model,","            );","            toolWrapper.model = nextToolModel;","","            return [","              model,","              thunk","                ? (dispatch) =>","                    thunk((innerMsg) =>","                      dispatch({","                        type: \"tool-msg\",","                        id: msg.id,","                        msg: {","                          type: \"get_file\",","                          msg: innerMsg,","                        },","                      }),","                    )","                : undefined,","            ];","          }","","          case \"list_buffers\": {","            const [nextToolModel, thunk] = ListBuffers.update(","              msg.msg.msg,","              toolWrapper.model as ListBuffers.Model,","            );","            toolWrapper.model = nextToolModel;","","            return [","              model,","              thunk","                ? (dispatch) =>","                    thunk((innerMsg) =>","                      dispatch({","                        type: \"tool-msg\",","                        id: msg.id,","                        msg: {","                          type: \"list_buffers\",","                          msg: innerMsg,","                        },","                      }),","                    )","                : undefined,","            ];","          }","","          case \"list_directory\": {","            const [nextToolModel, thunk] = ListDirectory.update(","              msg.msg.msg,","              toolWrapper.model as ListDirectory.Model,","            );","            toolWrapper.model = nextToolModel;","","            return [","              model,","              thunk","                ? (dispatch) =>","                    thunk((innerMsg) =>","                      dispatch({","                        type: \"tool-msg\",","                        id: msg.id,","                        msg: {","                          type: \"list_directory\",","                          msg: innerMsg,","                        },","                      }),","                    )","                : undefined,","            ];","          }","","          case \"insert\": {","            const [nextToolModel, thunk] = Insert.update(","              msg.msg.msg,","              toolWrapper.model as Insert.Model,","            );","            toolWrapper.model = nextToolModel;","","            return [","              model,","              thunk","                ? (dispatch) =>","                    thunk((innerMsg) =>","                      dispatch({","                        type: \"tool-msg\",","                        id: msg.id,","                        msg: {","                          type: \"insert\",","                          msg: innerMsg,","                        },","                      }),","                    )","                : undefined,","            ];","          }","","          case \"replace\": {","            const [nextToolModel, thunk] = Replace.update(","              msg.msg.msg,","              toolWrapper.model as Replace.Model,","            );","            toolWrapper.model = nextToolModel;","","            return [","              model,","              thunk","                ? (dispatch) =>","                    thunk((innerMsg) =>","                      dispatch({","                        type: \"tool-msg\",","                        id: msg.id,","                        msg: {","                          type: \"replace\",","                          msg: innerMsg,","                        },","                      }),","                    )","                : undefined,","            ];","          }","","          case \"hover\": {","            const [nextToolModel, thunk] = Hover.update(","              msg.msg.msg,","              toolWrapper.model as Hover.Model,","            );","            toolWrapper.model = nextToolModel;","","            return [","              model,","              thunk","                ? (dispatch) =>","                    thunk((innerMsg) =>","                      dispatch({","                        type: \"tool-msg\",","                        id: msg.id,","                        msg: {","                          type: \"hover\",","                          msg: innerMsg,","                        },","                      }),","                    )","                : undefined,","            ];","          }","","          case \"find_references\": {","            const [nextToolModel, thunk] = FindReferences.update(","              msg.msg.msg,","              toolWrapper.model as FindReferences.Model,","            );","            toolWrapper.model = nextToolModel;","","            return [","              model,","              thunk","                ? (dispatch) =>","                    thunk((innerMsg) =>","                      dispatch({","                        type: \"tool-msg\",","                        id: msg.id,","                        msg: {","                          type: \"find_references\",","                          msg: innerMsg,","                        },","                      }),","                    )","                : undefined,","            ];","          }","","          default:","            return assertUnreachable(msg.msg);","        }","      }","","      default:","        assertUnreachable(msg);","    }","  };","","  return {","    validateToolRequest,","    getToolResult,","    update,","    initModel,","    renderTool,","  };","}","*/",""]]]
writing to nvimSocket: [0,4,"nvim_buf_get_lines",[0,0,-1,false]]
unpackrStream.data: [1,2,null,null]